-
- unknown AND unknown AND unknown AND unknown AND unknown AND (gpl-3.0-plus AND unknown) AND
  (gpl-1.0-plus AND unknown) AND ((gpl-1.0-plus AND gpl-1.0-plus) AND unknown) AND unknown AND
  unknown AND (gfdl-1.3-plus AND unknown) AND (gfdl-1.1-plus AND unknown)
- |
  Copyright (c) 1988-1996, 1998, 2001-2002, 2004, 2006-2007, 2009-2013, 2015-2018 Free Software Foundation, Inc.
  Copyright (c) 1992-1994, 1998, 2001-2002, 2004, 2006, 2009-2018 Free Software Foundation, Inc.
