-
- gpl-1.0-plus AND gpl-2.0 AND lgpl-2.0-plus AND lgpl-2.1-plus AND other-copyleft AND unknown
- |
  Copyright (c) 2003, 2004 Stephen Smalley <sds@epoch.ncsc.mil>
  Copyright (c) 2003-2007 Red Hat, Inc.
  Copyright (c) 2004, 2005 Trusted Computer Solutions, Inc.
  Copyright (c) 2003-2008 Tresys Technology, LLC
  (c) 2005-2008, Manoj Srivastava <srivasta@debian.org>
