{
  "dependencies": [],
  "packages": [
    {
      "type": "npm",
      "namespace": null,
      "name": "npm",
      "version": "2.13.5",
      "qualifiers": {},
      "subpath": null,
      "primary_language": "JavaScript",
      "description": "a package manager for JavaScript",
      "release_date": null,
      "parties": [
        {
          "type": "person",
          "role": "author",
          "name": "Isaac Z. Schlueter",
          "email": "i@izs.me",
          "url": "http://blog.izs.me"
        }
      ],
      "keywords": [
        "package manager",
        "modules",
        "install",
        "package.json"
      ],
      "homepage_url": "https://docs.npmjs.com/",
      "download_url": "https://registry.npmjs.org/npm/-/npm-2.13.5.tgz",
      "size": null,
      "sha1": "a124386bce4a90506f28ad4b1d1a804a17baaf32",
      "md5": null,
      "sha256": null,
      "sha512": null,
      "bug_tracking_url": "http://github.com/npm/npm/issues",
      "code_view_url": null,
      "vcs_url": "git+https://github.com/npm/npm.git",
      "copyright": null,
      "license_expression": "artistic-2.0 OR mit",
      "declared_license": [
        "Artistic-2.0 OR MIT"
      ],
      "notice_text": null,
      "source_packages": [],
      "extra_data": {},
      "repository_homepage_url": "https://www.npmjs.com/package/npm",
      "repository_download_url": "https://registry.npmjs.org/npm/-/npm-2.13.5.tgz",
      "api_data_url": "https://registry.npmjs.org/npm/2.13.5",
      "package_uid": "pkg:npm/npm@2.13.5?uuid=fixed-uid-done-for-testing-5642512d1758",
      "datafile_paths": [
        "scan/package.json"
      ],
      "datasource_ids": [
        "npm_package_json"
      ],
      "purl": "pkg:npm/npm@2.13.5"
    }
  ],
  "files": [
    {
      "path": "scan",
      "type": "directory",
      "licenses": [],
      "license_clues": [],
      "license_expressions": [],
      "spdx_license_expressions": [],
      "percentage_of_license_text": 0,
      "package_data": [],
      "for_packages": [],
      "scan_errors": []
    },
    {
      "path": "scan/copyr.java",
      "type": "file",
      "licenses": [
        {
          "license_expression": "apache-2.0 AND (mit OR bsd-simplified)",
          "spdx_license_expression": "Apache-2.0 AND (MIT OR BSD-2-Clause)",
          "combination_reasons": [
            "not-combined"
          ],
          "matches": [
            {
              "key": "apache-2.0",
              "score": 100.0,
              "name": "Apache License 2.0",
              "short_name": "Apache 2.0",
              "category": "Permissive",
              "is_exception": false,
              "is_unknown": false,
              "owner": "Apache Software Foundation",
              "homepage_url": "http://www.apache.org/licenses/",
              "text_url": "http://www.apache.org/licenses/LICENSE-2.0",
              "reference_url": "https://scancode-licensedb.aboutcode.org/apache-2.0",
              "scancode_text_url": "https://github.com/nexB/scancode-toolkit/tree/develop/src/licensedcode/data/licenses/apache-2.0.LICENSE",
              "scancode_data_url": "https://github.com/nexB/scancode-toolkit/tree/develop/src/licensedcode/data/licenses/apache-2.0.yml",
              "spdx_license_key": "Apache-2.0",
              "spdx_url": "https://spdx.org/licenses/Apache-2.0",
              "start_line": 3,
              "end_line": 16,
              "matched_rule": {
                "identifier": "apache-2.0_2.RULE",
                "license_expression": "apache-2.0",
                "licenses": [
                  "apache-2.0"
                ],
                "referenced_filenames": [
                  "NOTICE"
                ],
                "is_license_text": false,
                "is_license_notice": true,
                "is_license_reference": false,
                "is_license_tag": false,
                "is_license_intro": false,
                "has_unknown": false,
                "matcher": "2-aho",
                "rule_length": 119,
                "matched_length": 119,
                "match_coverage": 100.0,
                "rule_relevance": 100
              }
            },
            {
              "key": "mit",
              "score": 100.0,
              "name": "MIT License",
              "short_name": "MIT License",
              "category": "Permissive",
              "is_exception": false,
              "is_unknown": false,
              "owner": "MIT",
              "homepage_url": "http://opensource.org/licenses/mit-license.php",
              "text_url": "http://opensource.org/licenses/mit-license.php",
              "reference_url": "https://scancode-licensedb.aboutcode.org/mit",
              "scancode_text_url": "https://github.com/nexB/scancode-toolkit/tree/develop/src/licensedcode/data/licenses/mit.LICENSE",
              "scancode_data_url": "https://github.com/nexB/scancode-toolkit/tree/develop/src/licensedcode/data/licenses/mit.yml",
              "spdx_license_key": "MIT",
              "spdx_url": "https://spdx.org/licenses/MIT",
              "start_line": 19,
              "end_line": 19,
              "matched_rule": {
                "identifier": "spdx-license-identifier: mit OR bsd-simplified",
                "license_expression": "mit OR bsd-simplified",
                "licenses": [
                  "mit",
                  "bsd-simplified"
                ],
                "referenced_filenames": [],
                "is_license_text": false,
                "is_license_notice": false,
                "is_license_reference": false,
                "is_license_tag": true,
                "is_license_intro": false,
                "has_unknown": false,
                "matcher": "1-spdx-id",
                "rule_length": 8,
                "matched_length": 8,
                "match_coverage": 100.0,
                "rule_relevance": 100
              }
            },
            {
              "key": "bsd-simplified",
              "score": 100.0,
              "name": "BSD-2-Clause",
              "short_name": "BSD-2-Clause",
              "category": "Permissive",
              "is_exception": false,
              "is_unknown": false,
              "owner": "Regents of the University of California",
              "homepage_url": "http://www.opensource.org/licenses/BSD-2-Clause",
              "text_url": "http://opensource.org/licenses/bsd-license.php",
              "reference_url": "https://scancode-licensedb.aboutcode.org/bsd-simplified",
              "scancode_text_url": "https://github.com/nexB/scancode-toolkit/tree/develop/src/licensedcode/data/licenses/bsd-simplified.LICENSE",
              "scancode_data_url": "https://github.com/nexB/scancode-toolkit/tree/develop/src/licensedcode/data/licenses/bsd-simplified.yml",
              "spdx_license_key": "BSD-2-Clause",
              "spdx_url": "https://spdx.org/licenses/BSD-2-Clause",
              "start_line": 19,
              "end_line": 19,
              "matched_rule": {
                "identifier": "spdx-license-identifier: mit OR bsd-simplified",
                "license_expression": "mit OR bsd-simplified",
                "licenses": [
                  "mit",
                  "bsd-simplified"
                ],
                "referenced_filenames": [],
                "is_license_text": false,
                "is_license_notice": false,
                "is_license_reference": false,
                "is_license_tag": true,
                "is_license_intro": false,
                "has_unknown": false,
                "matcher": "1-spdx-id",
                "rule_length": 8,
                "matched_length": 8,
                "match_coverage": 100.0,
                "rule_relevance": 100
              }
            }
          ]
        }
      ],
      "license_clues": [],
      "license_expressions": [
        "apache-2.0 AND (mit OR bsd-simplified)"
      ],
      "spdx_license_expressions": [
        "Apache-2.0 AND (MIT OR BSD-2-Clause)"
      ],
      "percentage_of_license_text": 100.0,
      "package_data": [],
      "for_packages": [
        "pkg:npm/npm@2.13.5?uuid=fixed-uid-done-for-testing-5642512d1758"
      ],
      "scan_errors": []
    },
    {
      "path": "scan/package.json",
      "type": "file",
      "licenses": [
        {
          "license_expression": "artistic-2.0",
          "spdx_license_expression": "Artistic-2.0",
          "combination_reasons": [
            "not-combined"
          ],
          "matches": [
            {
              "key": "artistic-2.0",
              "score": 100.0,
              "name": "Artistic License 2.0",
              "short_name": "Artistic 2.0",
              "category": "Copyleft Limited",
              "is_exception": false,
              "is_unknown": false,
              "owner": "Perl Foundation",
              "homepage_url": "http://www.perlfoundation.org/",
              "text_url": "https://www.perlfoundation.org/artistic_license_2_0",
              "reference_url": "https://scancode-licensedb.aboutcode.org/artistic-2.0",
              "scancode_text_url": "https://github.com/nexB/scancode-toolkit/tree/develop/src/licensedcode/data/licenses/artistic-2.0.LICENSE",
              "scancode_data_url": "https://github.com/nexB/scancode-toolkit/tree/develop/src/licensedcode/data/licenses/artistic-2.0.yml",
              "spdx_license_key": "Artistic-2.0",
              "spdx_url": "https://spdx.org/licenses/Artistic-2.0",
              "start_line": 28,
              "end_line": 28,
              "matched_rule": {
                "identifier": "artistic-2.0_46.RULE",
                "license_expression": "artistic-2.0",
                "licenses": [
                  "artistic-2.0"
                ],
                "referenced_filenames": [],
                "is_license_text": false,
                "is_license_notice": false,
                "is_license_reference": false,
                "is_license_tag": true,
                "is_license_intro": false,
                "has_unknown": false,
                "matcher": "2-aho",
                "rule_length": 4,
                "matched_length": 4,
                "match_coverage": 100.0,
                "rule_relevance": 100
              }
            }
          ]
        }
      ],
      "license_clues": [],
      "license_expressions": [
        "artistic-2.0"
      ],
      "spdx_license_expressions": [
        "Artistic-2.0"
      ],
      "percentage_of_license_text": 5.0,
      "package_data": [
        {
          "type": "npm",
          "namespace": null,
          "name": "npm",
          "version": "2.13.5",
          "qualifiers": {},
          "subpath": null,
          "primary_language": "JavaScript",
          "description": "a package manager for JavaScript",
          "release_date": null,
          "parties": [
            {
              "type": "person",
              "role": "author",
              "name": "Isaac Z. Schlueter",
              "email": "i@izs.me",
              "url": "http://blog.izs.me"
            }
          ],
          "keywords": [
            "package manager",
            "modules",
            "install",
            "package.json"
          ],
          "homepage_url": "https://docs.npmjs.com/",
          "download_url": "https://registry.npmjs.org/npm/-/npm-2.13.5.tgz",
          "size": null,
          "sha1": "a124386bce4a90506f28ad4b1d1a804a17baaf32",
          "md5": null,
          "sha256": null,
          "sha512": null,
          "bug_tracking_url": "http://github.com/npm/npm/issues",
          "code_view_url": null,
          "vcs_url": "git+https://github.com/npm/npm.git",
          "copyright": null,
          "license_expression": "artistic-2.0 OR mit",
          "declared_license": [
            "Artistic-2.0 OR MIT"
          ],
          "notice_text": null,
          "source_packages": [],
          "file_references": [],
          "extra_data": {},
          "dependencies": [],
          "repository_homepage_url": "https://www.npmjs.com/package/npm",
          "repository_download_url": "https://registry.npmjs.org/npm/-/npm-2.13.5.tgz",
          "api_data_url": "https://registry.npmjs.org/npm/2.13.5",
          "datasource_id": "npm_package_json",
          "purl": "pkg:npm/npm@2.13.5"
        }
      ],
      "for_packages": [
        "pkg:npm/npm@2.13.5?uuid=fixed-uid-done-for-testing-5642512d1758"
      ],
      "scan_errors": []
    }
  ]
}