-
- gpl-2.0 AND gpl-2.0-plus AND public-domain AND smail-gpl AND unknown
- |
  Copyright (c) 1988 Landon Curt Noll & Ronald S. Karr
  Copyright (c) 1992 Ronald S. Karr
  Copyright (c) 1988 Landon Curt Noll & Ronald S. Karr
