- |
  GPL-2
  CC-BY-SA-3.0
  LGPL-2.1+
  BSL-1.0
  LGPL-2.1+
  BSD-3-clause
  DejaVu-License
  Apache-2.0
  LGPL-2.1+
  GPL-2
  LGPL-2.1+
  BSL-1.0
  BSD-3-clause
  Apache-2.0
  CC-BY-SA-3.0
  DejaVu-License
- gpl-2.0 AND cc-by-sa-3.0 AND lgpl-2.1-plus AND unknown AND lgpl-2.1-plus AND bsd-new AND unknown
  AND apache-2.0 AND lgpl-2.1-plus AND gpl-2.0 AND (gpl-2.0-plus AND unknown) AND lgpl-2.1-plus
  AND ((lgpl-2.1-plus AND lgpl-2.0-plus AND lgpl-2.1) AND unknown) AND unknown AND boost-1.0
  AND bsd-new AND (bsd-new AND unknown) AND apache-2.0 AND ((apache-2.0 AND apache-2.0) AND
  unknown) AND cc-by-sa-3.0 AND (cc-by-sa-3.0 AND unknown) AND unknown AND ((bitstream AND bitstream)
  AND unknown)
- |
  The FreeOrion project
  The FreeOrion project
  2003-2008, T. Zachary Laine
  2006, Nemanja Trifunovic
  2001, Daniel C. Nuffer
  2006, T. Zachary Laine
  2000-2011, Kitware, Inc
  2003, Bitstream Inc
  2006, Tavmjong Bah
  2015, Google Inc.
  2013-2014, Dmitry Smirnov <onlyjob@debian.org>
  2013-2018, Markus Koschany <apo@debian.org>
