-
- unknown-license-reference AND intel-bcl
- Copyright (c) 2005-2014 Siano Mobile Silicon Ltd.
