- Binary redistribution (wl1251)
- proprietary-license AND ((unknown-license-reference AND bsd-source-code AND bsd-source-code)
  AND unknown)
- 2000-2016, Texas Instruments Incorporated
