-
- broadcom-proprietary AND broadcom-proprietary
-
