-
- (proprietary-license AND other-permissive) AND unknown
- |
  Copyright (c) 2007-2010 Broadcom Corporation
  Copyright (c) 2007-2009 Broadcom Corporation
