-
- (unknown-license-reference AND unknown-license-reference AND proprietary-license) AND unknown
- Copyright (c) 2017, NETRONOME Systems, Inc.
