- |
  Binary redistribution (AMD permissive)
  Binary redistribution (AMD restrictive)
- (proprietary-license AND unknown) AND (mit AND unknown) AND (proprietary-license AND unknown)
  AND (proprietary-license AND unknown)
- |
  2000-2009, Advanced Micro Devices, Inc.
  2009-2016, Advanced Micro Devices, Inc.
