-
- (proprietary-license AND other-permissive) AND unknown
- Copyright (c) 2004 - 2010 Broadcom Corporation
