-
- unknown AND unknown AND unknown AND unknown AND (gpl-3.0-plus AND unknown) AND ((gpl-1.0-plus
  AND gpl-3.0) AND unknown) AND (gfdl-1.3-plus AND unknown)
- Copyright 1989,90,91,92,93,94,95,98,99,2002,2003,2006,2008,2009,2010 Free Software Foundation,
  Inc.
