-
- unknown AND unknown AND unknown AND unknown AND (unknown-license-reference AND unknown) AND
  unknown AND (warranty-disclaimer AND unknown) AND (other-permissive AND unknown) AND unknown
  AND unknown AND (unknown-license-reference AND unknown) AND unknown AND unknown AND unknown
- |
  Copyright (c) 2001-2002 Daniel Veillard
  Copyright (c) 2001-2002 Thomas Broyer, Charlie Bozeman and Daniel Veillard
