- |
  Tcl
  Public-domain
  Tcl
  Public-domain
- unknown AND public-domain AND unknown AND (tcl AND unknown) AND public-domain AND pngsuite
- |
  1997-2004 Jan Nijtmans
  1999, 2011 Willem van Schaik
