{
  "files": [
    {
      "path": "README.md",
      "type": "file",
      "license_detections": [
        {
          "license_expression": "wtfpl-2.0 AND mit",
          "detection_rules": [
            "unknown-intro-followed-by-match"
          ],
          "matches": [
            {
              "score": 100.0,
              "start_line": 43,
              "end_line": 43,
              "matched_length": 3,
              "match_coverage": 100.0,
              "matcher": "2-aho",
              "license_expression": "unknown-license-reference",
              "licensedb_identifier": "lead-in_unknown_30.RULE",
              "referenced_filenames": [],
              "is_license_text": false,
              "is_license_notice": false,
              "is_license_reference": false,
              "is_license_tag": false,
              "is_license_intro": true,
              "rule_length": 3,
              "rule_relevance": 100,
              "matched_text": "dual-licensed under [`",
              "licenses": [
                {
                  "key": "unknown-license-reference",
                  "name": "Unknown License file reference",
                  "short_name": "Unknown License reference",
                  "category": "Unstated License",
                  "is_exception": false,
                  "is_unknown": true,
                  "owner": "Unspecified",
                  "homepage_url": null,
                  "text_url": "",
                  "reference_url": "https://scancode-licensedb.aboutcode.org/unknown-license-reference",
                  "scancode_text_url": "https://github.com/nexB/scancode-toolkit/tree/develop/src/licensedcode/data/licenses/unknown-license-reference.LICENSE",
                  "scancode_data_url": "https://github.com/nexB/scancode-toolkit/tree/develop/src/licensedcode/data/licenses/unknown-license-reference.yml",
                  "spdx_license_key": "LicenseRef-scancode-unknown-license-reference",
                  "spdx_url": "https://github.com/nexB/scancode-toolkit/tree/develop/src/licensedcode/data/licenses/unknown-license-reference.LICENSE"
                }
              ]
            },
            {
              "score": 50.0,
              "start_line": 43,
              "end_line": 43,
              "matched_length": 1,
              "match_coverage": 100.0,
              "matcher": "2-aho",
              "license_expression": "wtfpl-2.0",
              "licensedb_identifier": "spdx_license_id_wtfpl_for_wtfpl-2.0.RULE",
              "referenced_filenames": [],
              "is_license_text": false,
              "is_license_notice": false,
              "is_license_reference": true,
              "is_license_tag": false,
              "is_license_intro": false,
              "rule_length": 1,
              "rule_relevance": 50,
              "matched_text": "WTFPL`](",
              "licenses": [
                {
                  "key": "wtfpl-2.0",
                  "name": "WTFPL 2.0",
                  "short_name": "WTFPL 2.0",
                  "category": "Public Domain",
                  "is_exception": false,
                  "is_unknown": false,
                  "owner": "Sam Hocevar",
                  "homepage_url": "http://sam.zoy.org/wtfpl/",
                  "text_url": "http://sam.zoy.org/wtfpl/COPYING",
                  "reference_url": "https://scancode-licensedb.aboutcode.org/wtfpl-2.0",
                  "scancode_text_url": "https://github.com/nexB/scancode-toolkit/tree/develop/src/licensedcode/data/licenses/wtfpl-2.0.LICENSE",
                  "scancode_data_url": "https://github.com/nexB/scancode-toolkit/tree/develop/src/licensedcode/data/licenses/wtfpl-2.0.yml",
                  "spdx_license_key": "WTFPL",
                  "spdx_url": "https://spdx.org/licenses/WTFPL"
                }
              ]
            },
            {
              "score": 100.0,
              "start_line": 43,
              "end_line": 43,
              "matched_length": 3,
              "match_coverage": 100.0,
              "matcher": "2-aho",
              "license_expression": "wtfpl-2.0",
              "licensedb_identifier": "wtfpl-2.0_27.RULE",
              "referenced_filenames": [],
              "is_license_text": false,
              "is_license_notice": false,
              "is_license_reference": true,
              "is_license_tag": false,
              "is_license_intro": false,
              "rule_length": 3,
              "rule_relevance": 100,
              "matched_text": "www.wtfpl.net/",
              "licenses": [
                {
                  "key": "wtfpl-2.0",
                  "name": "WTFPL 2.0",
                  "short_name": "WTFPL 2.0",
                  "category": "Public Domain",
                  "is_exception": false,
                  "is_unknown": false,
                  "owner": "Sam Hocevar",
                  "homepage_url": "http://sam.zoy.org/wtfpl/",
                  "text_url": "http://sam.zoy.org/wtfpl/COPYING",
                  "reference_url": "https://scancode-licensedb.aboutcode.org/wtfpl-2.0",
                  "scancode_text_url": "https://github.com/nexB/scancode-toolkit/tree/develop/src/licensedcode/data/licenses/wtfpl-2.0.LICENSE",
                  "scancode_data_url": "https://github.com/nexB/scancode-toolkit/tree/develop/src/licensedcode/data/licenses/wtfpl-2.0.yml",
                  "spdx_license_key": "WTFPL",
                  "spdx_url": "https://spdx.org/licenses/WTFPL"
                }
              ]
            },
            {
              "score": 100.0,
              "start_line": 43,
              "end_line": 43,
              "matched_length": 6,
              "match_coverage": 100.0,
              "matcher": "2-aho",
              "license_expression": "mit",
              "licensedb_identifier": "mit_64.RULE",
              "referenced_filenames": [],
              "is_license_text": false,
              "is_license_notice": false,
              "is_license_reference": true,
              "is_license_tag": false,
              "is_license_intro": false,
              "rule_length": 6,
              "rule_relevance": 100,
              "matched_text": "MIT`](https://opensource.org/licenses/MIT).",
              "licenses": [
                {
                  "key": "mit",
                  "name": "MIT License",
                  "short_name": "MIT License",
                  "category": "Permissive",
                  "is_exception": false,
                  "is_unknown": false,
                  "owner": "MIT",
                  "homepage_url": "http://opensource.org/licenses/mit-license.php",
                  "text_url": "http://opensource.org/licenses/mit-license.php",
                  "reference_url": "https://scancode-licensedb.aboutcode.org/mit",
                  "scancode_text_url": "https://github.com/nexB/scancode-toolkit/tree/develop/src/licensedcode/data/licenses/mit.LICENSE",
                  "scancode_data_url": "https://github.com/nexB/scancode-toolkit/tree/develop/src/licensedcode/data/licenses/mit.yml",
                  "spdx_license_key": "MIT",
                  "spdx_url": "https://spdx.org/licenses/MIT"
                }
              ]
            }
          ]
        }
      ],
      "license_clues": [],
      "detected_license_expression": "wtfpl-2.0 AND mit",
      "detected_license_expression_spdx": "WTFPL AND MIT",
      "percentage_of_license_text": 8.18,
      "scan_errors": []
    }
  ]
}