- |
  Proprietary_1
  Proprietary_2
  GPL-2+
- unknown AND (bsd-new AND unknown) AND unknown AND ((broadcom-proprietary AND broadcom-proprietary)
  AND unknown) AND gpl-2.0-plus AND (gpl-2.0-plus AND unknown)
- |
  2006, Broadcom Corporation
  2015, Raspberry Pi (Trading) Ltd
  2015 Broadcom Corporation
  2015 Paolo Pisati <paolo.pisati@canonical.com>
