-
- unknown AND unknown AND unknown AND unknown AND unknown AND ((info-zip-2009-01 AND info-zip-2009-01)
  AND unknown) AND unknown AND unknown AND unknown AND unknown AND (unknown-license-reference
  AND unknown) AND unknown AND unknown AND unknown AND unknown
- Copyright (c) 1990-2009 Info-ZIP.
