-
- gpl-1.0-plus AND gpl-2.0-plus AND other-permissive AND unknown
- |
  copyright 1988 - 1994, Julianne Frances Haugh
  copyright 1997 - 2001, Marek Michalkiewicz
  copyright 2001 - 2004, Andrzej Krzysztofowicz
  copyright 2000 - 2007, Tomasz Kloczko
  Copyright 1995 by Wietse Venema
  Copyright (c) 1992-2003 Free Software Foundation, Inc.
