{
  "headers": [
    {
      "tool_name": "scancode-toolkit",
      "tool_version": "31.0.0rc1",
      "options": {
        "input": [
          "/home/kevin/code/scancode-toolkit/tests/licensedcode/data/plugin_license/installed_licenses/scan"
        ],
        "--json-pp": "../temp.json",
        "--license": true
      },
      "notice": "Generated with ScanCode and provided on an \"AS IS\" BASIS, WITHOUT WARRANTIES\nOR CONDITIONS OF ANY KIND, either express or implied. No content created from\nScanCode should be considered or used as legal advice. Consult an Attorney\nfor any legal advice.\nScanCode is a free software code scanning tool from nexB Inc. and others.\nVisit https://github.com/nexB/scancode-toolkit/ for support and download.",
      "start_timestamp": "2022-08-29T004350.528873",
      "end_timestamp": "2022-08-29T004352.269691",
      "output_format_version": "2.0.0",
      "duration": 1.7408447265625,
      "message": null,
      "errors": [],
      "warnings": [],
      "extra_data": {
        "system_environment": {
          "operating_system": "linux",
          "cpu_architecture": "64",
          "platform": "Linux-5.15.0-46-generic-x86_64-with-glibc2.29",
          "platform_version": "#49~20.04.1-Ubuntu SMP Thu Aug 4 19:15:44 UTC 2022",
          "python_version": "3.8.10 (default, Jun 22 2022, 20:18:18) \n[GCC 9.4.0]"
        },
        "additional_directories": [
          "/home/kevin/code/scancode-toolkit/tests/licensedcode/data/example_external_licenses/example1",
          "/home/kevin/code/scancode-toolkit/venv/lib/python3.8/site-packages/licenses_to_install1"
        ],
        "spdx_license_list_version": "3.17",
        "files_count": 1
      }
    }
  ],
  "files": [
    {
      "path": "scan",
      "type": "directory",
      "licenses": [],
      "license_expressions": [],
      "percentage_of_license_text": 0,
      "scan_errors": []
    },
    {
      "path": "scan/license.txt",
      "type": "file",
      "licenses": [
        {
          "key": "example-installed-1",
          "score": 100.0,
          "name": "Example Installed License 1",
          "short_name": "Example Installed License 1",
          "category": "Permissive",
          "is_exception": false,
          "is_unknown": false,
          "owner": "NexB",
          "homepage_url": null,
          "text_url": "",
          "reference_url": "https://scancode-licensedb.aboutcode.org/example-installed-1",
          "scancode_text_url": "https://github.com/nexB/scancode-toolkit/tree/develop/src/licensedcode/data/licenses/example-installed-1.LICENSE",
          "scancode_data_url": "https://github.com/nexB/scancode-toolkit/tree/develop/src/licensedcode/data/licenses/example-installed-1.yml",
          "spdx_license_key": "scancode-example-installed1",
          "spdx_url": "https://spdx.org/licenses/scancode-example-installed1",
          "start_line": 1,
          "end_line": 1,
          "matched_rule": {
            "identifier": "example-installed-1.LICENSE",
            "license_expression": "example-installed-1",
            "licenses": [
              "example-installed-1"
            ],
            "referenced_filenames": [],
            "is_license_text": true,
            "is_license_notice": false,
            "is_license_reference": false,
            "is_license_tag": false,
            "is_license_intro": false,
            "has_unknown": false,
            "matcher": "1-hash",
            "rule_length": 11,
            "matched_length": 11,
            "match_coverage": 100.0,
            "rule_relevance": 100
          }
        }
      ],
      "license_expressions": [
        "example-installed-1"
      ],
      "percentage_of_license_text": 100.0,
      "scan_errors": []
    }
  ]
}