{
  "files": [
    {
      "path": "additional_license_combined_test.txt",
      "type": "file",
      "licenses": [
        {
          "key": "example-installed-1",
          "score": 100.0,
          "name": "Example Installed License 1",
          "short_name": "Example Installed License 1",
          "category": "Permissive",
          "is_exception": false,
          "is_unknown": false,
          "owner": "NexB",
          "homepage_url": "",
          "text_url": "",
          "reference_url": "",
          "scancode_text_url": "",
          "scancode_data_url": "",
          "spdx_license_key": "scancode-example-installed1",
          "spdx_url": "https://spdx.org/licenses/scancode-example-installed1",
          "start_line": 1,
          "end_line": 1,
          "matched_rule": {
            "identifier": "example-installed-1.LICENSE",
            "license_expression": "example-installed-1",
            "licenses": [
              "example-installed-1"
            ],
            "referenced_filenames": [],
            "is_license_text": true,
            "is_license_notice": false,
            "is_license_reference": false,
            "is_license_tag": false,
            "is_license_intro": false,
            "has_unknown": false,
            "matcher": "2-aho",
            "rule_length": 11,
            "matched_length": 11,
            "match_coverage": 100.0,
            "rule_relevance": 100
          }
        },
        {
          "key": "example-installed-2",
          "score": 100.0,
          "name": "Example Installed License 2",
          "short_name": "Example Installed License 2",
          "category": "Permissive",
          "is_exception": false,
          "is_unknown": false,
          "owner": "NexB",
          "homepage_url": "",
          "text_url": "",
          "reference_url": "",
          "scancode_text_url": "",
          "scancode_data_url": "",
          "spdx_license_key": "LicenseRef-scancode-example-installed2",
          "spdx_url": "https://github.com/nexB/scancode-toolkit/tree/develop/src/licensedcode/data/licenses/example-installed-2.LICENSE",
          "start_line": 3,
          "end_line": 3,
          "matched_rule": {
            "identifier": "example-installed-2.LICENSE",
            "license_expression": "example-installed-2",
            "licenses": [
              "example-installed-2"
            ],
            "referenced_filenames": [],
            "is_license_text": true,
            "is_license_notice": false,
            "is_license_reference": false,
            "is_license_tag": false,
            "is_license_intro": false,
            "has_unknown": false,
            "matcher": "2-aho",
            "rule_length": 12,
            "matched_length": 12,
            "match_coverage": 100.0,
            "rule_relevance": 100
          }
        },
        {
          "key": "example1",
          "score": 100.0,
          "name": "Example External License 1",
          "short_name": "Example External License 1",
          "category": "Permissive",
          "is_exception": false,
          "is_unknown": false,
          "owner": "NexB",
          "homepage_url": "",
          "text_url": "",
          "reference_url": "",
          "scancode_text_url": "",
          "scancode_data_url": "",
          "spdx_license_key": "scancode-example1",
          "spdx_url": "https://spdx.org/licenses/scancode-example1",
          "start_line": 5,
          "end_line": 5,
          "matched_rule": {
            "identifier": "example1.LICENSE",
            "license_expression": "example1",
            "licenses": [
              "example1"
            ],
            "referenced_filenames": [],
            "is_license_text": true,
            "is_license_notice": false,
            "is_license_reference": false,
            "is_license_tag": false,
            "is_license_intro": false,
            "has_unknown": false,
            "matcher": "2-aho",
            "rule_length": 9,
            "matched_length": 9,
            "match_coverage": 100.0,
            "rule_relevance": 100
          }
        },
        {
          "key": "example2",
          "score": 100.0,
          "name": "Example External License 2",
          "short_name": "Example External License 2",
          "category": "Permissive",
          "is_exception": false,
          "is_unknown": false,
          "owner": "NexB",
          "homepage_url": "",
          "text_url": "",
          "reference_url": "",
          "scancode_text_url": "",
          "scancode_data_url": "",
          "spdx_license_key": "scancode-example2",
          "spdx_url": "https://spdx.org/licenses/scancode-example2",
          "start_line": 5,
          "end_line": 9,
          "matched_rule": {
            "identifier": "example2.LICENSE",
            "license_expression": "example2",
            "licenses": [
              "example2"
            ],
            "referenced_filenames": [],
            "is_license_text": true,
            "is_license_notice": false,
            "is_license_reference": false,
            "is_license_tag": false,
            "is_license_intro": false,
            "has_unknown": false,
            "matcher": "2-aho",
            "rule_length": 69,
            "matched_length": 69,
            "match_coverage": 100.0,
            "rule_relevance": 100
          }
        }
      ],
      "license_expressions": [
        "example-installed-1",
        "example-installed-2",
        "example1",
        "example2"
      ],
      "percentage_of_license_text": 96.19,
      "scan_errors": []
    }
  ]
}