- |
  Expat
  GPL-2+
  Apache-2.0
  Apache-2.0
  Expat
  GPL-2+
- unknown AND lgpl-2.0-plus AND unknown AND gpl-2.0-plus AND apache-2.0 AND apache-2.0 AND ((apache-2.0
  AND apache-2.0 AND apache-2.0) AND unknown) AND unknown AND mit AND gpl-2.0-plus AND gpl-2.0-plus
- |
  2015 Remko Tron√ßon
  1998-1999 Tom Tromey
  2001 Red Hat Software
  2017 Jussi Pakkanen
