-
- gfdl-1.1-plus AND gfdl-1.3 AND gfdl-1.3-plus AND gpl-3.0-plus AND lgpl-2.0-plus AND lgpl-2.1
  AND lgpl-2.1-plus AND other-copyleft AND unknown AND unknown-license-reference
- |
  Copyright (c) 2000-2020 Free Software Foundation, Inc.
  Copyright (c) 2000-2020 Free Software Foundation, Inc.
  Copyright (c) 2001-2020 Free Software Foundation, Inc.
