-
- (pcre AND bsd-new AND bsd-new AND bsd-new) AND unknown
- |
  Copyright (c) 1997-2007 University of Cambridge
  Copyright (c) 2007, Google Inc.
