- |
  Expat
  GPL-2+
- unknown AND mit AND gpl-2.0-plus AND (gpl-2.0-plus AND unknown)
- |
  Microsoft Corporation
  2016 Fabian Wolff <fabi.wolff@arcor.de>
  2011 Michael Tautschnig <mt@debian.org>
