-
- gpl-2.0-plus AND gpl-3.0 AND lgpl-2.1 AND lgpl-2.1-plus AND unknown
- |
  Copyright 2009 Red Hat Inc.
  Copyright (c) 2009 Pierre Chifflier <pollux@debian.org>
