-
- unknown AND ((lgpl-2.1-plus AND lgpl-2.1 AND gpl-2.0-plus AND gpl-3.0 AND gpl-3.0) AND unknown)
- |
  Copyright 2009 Red Hat Inc.
  Copyright (c) 2009 Pierre Chifflier <pollux@debian.org>
