- |
  * Redistribution and use in source and binary forms, with or without
  Public domain.
  Apache-2.0
  Expat
  LGPLv2.1+
  LGPLv3+_or_GPLv2+
  GPLv3+
- apache-2.0 AND bsd-new AND bsd-simplified AND cc0-1.0 AND gfdl-1.1-plus AND gfdl-1.3 AND gfdl-1.3-plus
  AND gpl-1.0-plus AND gpl-2.0-plus AND gpl-3.0 AND gpl-3.0-plus AND isc AND lgpl-2.0-plus AND
  lgpl-2.1-plus AND lgpl-3.0 AND lgpl-3.0-plus AND mit AND public-domain AND unknown AND unknown-license-reference
  AND warranty-disclaimer
- |
  2011-2016 The Pkcs11Interop Project
  * Licensed under the Apache License, Version 2.0 (the "License");
  * you may not use this file except in compliance with the License.
  * You may obtain a copy of the License at
  *
  * http://www.apache.org/licenses/LICENSE-2.0
  * Unless required by applicable law or agreed to in writing, software
  * distributed under the License is distributed on an "AS IS" BASIS,
  * WITHOUT WARRANTIES OR CONDITIONS OF ANY KIND, either express or implied.
  * See the License for the specific language governing permissions and
  * limitations under the License.
  2017 Red Hat, Inc.
  2017 Nikos Mavrogiannopoulos
  2019 Tom Vrancken (dev@tomvrancken.nl)
  2020 Dmitry Baryshkov
  2011 Katholieke Universiteit Leuven
  2011, 2013, 2018 Niels Möller
  2018 Red Hat, Inc.
  2019 Dmitry Eremin-Solenikov
  2018 Dmitry Eremin-Solenikov
  2013 Red Hat | Copyright 2013, 2014 Red Hat
  2001 Niels Möller
  2001, 2011 Niels Möller
  2005, 2014 Niels Möller
  2013 Niels Möller
  2013 Red Hat
  2015 Dmitry Eremin-Solenikov
  2012 Nikos Mavrogiannopoulos, Niels Möller
  2001, 2002 Niels Möller
  2016 Dmitry Eremin-Solenikov
  2010 Niels Möller
  2013-2015 Dmitry Eremin-Solenikov
  2017 Dmitry Eremin-Solenikov <dbaryshkov@gmail.com>
  2015 Dmity Eremin-Solenikov
  2015, 2016 Dmitry Eremin-Solenikov <dbaryshkov@gmail.com>
  2009-2012 Aleksey Kravchenko <rhash.admin@gmail.com>
  2011-2019 Free Software Foundation, Inc.
  2019 Red Hat, Inc
  2014-2020 Red Hat, Inc
  2014-2018 Nikos Mavrogiannopoulos
  2019 Nikos Mavrogiannopoulos
  2016-2019 Tim Kosse
  2016 Tim Kosse
  2016-2017 Red Hat, Inc.
  2020 Red Hat, Inc.
  2008-2014 Free Software Foundation, Inc.
  2004-2016 Free Software Foundation, Inc.
  2016 2017 Red Hat, Inc.
  2018 2020 Red Hat, Inc.
  2013 Adam Sampson <ats@offog.org>
  2016-2019 Red Hat, Inc.
  2004-2015 Free Software Foundation, Inc.
  2015 Red Hat, Inc
  2015 Red Hat, Inc.
  2017-2019 Red Hat, Inc.
  2017-2020 Red Hat, Inc.
  2004-2012 Free Software Foundation, Inc.
  2019 Tim Rühsen
  2019 Canonical, Ltd.
  2020 Pierre Ossman for Cendio AB
  2019 Red Hat, Inc.
  2019 Free Software Foundation, Inc.
  2016 Red Hat, Inc.
  2017 Karl Tarbe
  2004-2006, 2010, 2012 Free Software Foundation, Inc.
  2021 Steffen Jaeckel
  2016 Thomas Klute
