- GPLv2+
- unknown AND gpl-2.0-plus AND (gpl-2.0-plus AND unknown)
- copyright 1997, 1998, 1999 Jason Gunthorpe and others
