-
- unknown AND unknown AND unknown AND (public-domain AND unknown)
-
