{
  "headers": [
    {
      "tool_name": "scancode-toolkit",
      "options": {
        "input": "<path>",
        "--classify": true,
        "--copyright": true,
        "--info": true,
        "--json-pp": "<file>",
        "--license": true,
        "--summary": true
      },
      "notice": "Generated with ScanCode and provided on an \"AS IS\" BASIS, WITHOUT WARRANTIES\nOR CONDITIONS OF ANY KIND, either express or implied. No content created from\nScanCode should be considered or used as legal advice. Consult an Attorney\nfor any legal advice.\nScanCode is a free software code scanning tool from nexB Inc. and others.\nVisit https://github.com/nexB/scancode-toolkit/ for support and download.",
      "output_format_version": "2.0.0",
      "message": null,
      "errors": [],
      "warnings": [],
      "extra_data": {
        "spdx_license_list_version": "3.16",
        "files_count": 13
      }
    }
  ],
  "summary": {
    "declared_license_expression": "mit",
    "license_clarity_score": {
      "score": 80,
      "declared_license": true,
      "precise_license_detection": true,
      "has_license_text": false,
      "declared_copyrights": false,
      "conflicting_license_categories": false,
      "ambigous_compound_licensing": false
    },
    "declared_holder": "",
    "primary_programming_language": "Python",
    "other_license_expressions": [],
    "other_holders": [
      {
        "value": null,
        "count": 13
      }
    ],
    "other_programming_languages": []
  },
  "files": [
    {
      "path": "xml2data-0.1.0",
      "type": "directory",
      "name": "xml2data-0.1.0",
      "base_name": "xml2data-0.1.0",
      "extension": "",
      "size": 0,
      "sha1": null,
      "md5": null,
      "sha256": null,
      "mime_type": null,
      "file_type": null,
      "programming_language": null,
      "is_binary": false,
      "is_text": false,
      "is_archive": false,
      "is_media": false,
      "is_source": false,
      "is_script": false,
      "licenses": [],
      "license_expressions": [],
      "percentage_of_license_text": 0,
      "copyrights": [],
      "holders": [],
      "authors": [],
      "is_legal": false,
      "is_manifest": false,
      "is_readme": false,
      "is_top_level": true,
      "is_key_file": false,
      "files_count": 13,
      "dirs_count": 2,
      "size_count": 21510,
      "scan_errors": []
    },
    {
      "path": "xml2data-0.1.0/PKG-INFO",
      "type": "file",
      "name": "PKG-INFO",
      "base_name": "PKG-INFO",
      "extension": "",
      "size": 2473,
      "sha1": "33383004d8e2755ef790f78ba251f2249bf66b31",
      "md5": "f2a84ac3d01f8355ee37ff6d78c7f7c0",
      "sha256": "f49e93af6bc5b5e3edd8c17d3804a47114798c35e2d9180d4b648714b869ae80",
      "mime_type": "text/plain",
      "file_type": "UTF-8 Unicode text",
      "programming_language": null,
      "is_binary": false,
      "is_text": true,
      "is_archive": false,
      "is_media": false,
      "is_source": false,
      "is_script": false,
      "licenses": [
        {
          "key": "mit",
          "score": 100.0,
          "name": "MIT License",
          "short_name": "MIT License",
          "category": "Permissive",
          "is_exception": false,
          "is_unknown": false,
          "owner": "MIT",
          "homepage_url": "http://opensource.org/licenses/mit-license.php",
          "text_url": "http://opensource.org/licenses/mit-license.php",
          "reference_url": "https://scancode-licensedb.aboutcode.org/mit",
          "scancode_text_url": "https://github.com/nexB/scancode-toolkit/tree/develop/src/licensedcode/data/licenses/mit.LICENSE",
          "scancode_data_url": "https://github.com/nexB/scancode-toolkit/tree/develop/src/licensedcode/data/licenses/mit.yml",
          "spdx_license_key": "MIT",
          "spdx_url": "https://spdx.org/licenses/MIT",
          "start_line": 8,
          "end_line": 8,
          "matched_rule": {
            "identifier": "mit_30.RULE",
            "license_expression": "mit",
            "licenses": [
              "mit"
            ],
            "referenced_filenames": [],
            "is_license_text": false,
            "is_license_notice": false,
            "is_license_reference": false,
            "is_license_tag": true,
            "is_license_intro": false,
            "has_unknown": false,
            "matcher": "2-aho",
            "rule_length": 2,
            "matched_length": 2,
            "match_coverage": 100.0,
            "rule_relevance": 100
          }
        },
        {
          "key": "mit",
          "score": 100.0,
          "name": "MIT License",
          "short_name": "MIT License",
          "category": "Permissive",
          "is_exception": false,
          "is_unknown": false,
          "owner": "MIT",
          "homepage_url": "http://opensource.org/licenses/mit-license.php",
          "text_url": "http://opensource.org/licenses/mit-license.php",
          "reference_url": "https://scancode-licensedb.aboutcode.org/mit",
          "scancode_text_url": "https://github.com/nexB/scancode-toolkit/tree/develop/src/licensedcode/data/licenses/mit.LICENSE",
          "scancode_data_url": "https://github.com/nexB/scancode-toolkit/tree/develop/src/licensedcode/data/licenses/mit.yml",
          "spdx_license_key": "MIT",
          "spdx_url": "https://spdx.org/licenses/MIT",
          "start_line": 59,
          "end_line": 59,
          "matched_rule": {
            "identifier": "pypi_mit_license.RULE",
            "license_expression": "mit",
            "licenses": [
              "mit"
            ],
            "referenced_filenames": [],
            "is_license_text": false,
            "is_license_notice": false,
            "is_license_reference": false,
            "is_license_tag": true,
            "is_license_intro": false,
            "has_unknown": false,
            "matcher": "2-aho",
            "rule_length": 5,
            "matched_length": 5,
            "match_coverage": 100.0,
            "rule_relevance": 100
          }
        }
      ],
      "license_expressions": [
        "mit",
        "mit"
      ],
      "percentage_of_license_text": 3.54,
      "copyrights": [],
      "holders": [],
      "authors": [
        {
          "author": "slaypni Author-email UNKNOWN",
          "start_line": 6,
          "end_line": 7
        },
        {
          "author": "slay', twitter' http://twitter.com/slaypni",
          "start_line": 53,
          "end_line": 54
        }
      ],
      "is_legal": false,
      "is_manifest": false,
      "is_readme": false,
      "is_top_level": true,
      "is_key_file": false,
      "files_count": 0,
      "dirs_count": 0,
      "size_count": 0,
      "scan_errors": []
    },
    {
      "path": "xml2data-0.1.0/setup.cfg",
      "type": "file",
      "name": "setup.cfg",
      "base_name": "setup",
      "extension": ".cfg",
      "size": 59,
      "sha1": "68140cccea91d3e1c1e21a3416acd5551d0dea45",
      "md5": "d86758afb08a60bc589dc67bfea670b2",
      "sha256": "063d04b462ef73e9d86e0b0ae49c4321b51984444a5a2a90aece1e0082b488ee",
      "mime_type": "text/plain",
      "file_type": "ASCII text",
      "programming_language": null,
      "is_binary": false,
      "is_text": true,
      "is_archive": false,
      "is_media": false,
      "is_source": false,
      "is_script": false,
      "licenses": [],
      "license_expressions": [],
      "percentage_of_license_text": 0,
      "copyrights": [],
      "holders": [],
      "authors": [],
      "is_legal": false,
      "is_manifest": true,
      "is_readme": false,
      "is_top_level": true,
      "is_key_file": true,
      "files_count": 0,
      "dirs_count": 0,
      "size_count": 0,
      "scan_errors": []
    },
    {
      "path": "xml2data-0.1.0/setup.py",
      "type": "file",
      "name": "setup.py",
      "base_name": "setup",
      "extension": ".py",
      "size": 2671,
      "sha1": "e7f4f642b58086c1c68df3e56f91e0eb53b5256f",
      "md5": "fc06acee686c93cb8a863e3d20cca740",
      "sha256": "7556681d61344767d833916f2e58914535ec53c55a1e700877274b72a5ea588f",
      "mime_type": "text/x-script.python",
      "file_type": "Python script, UTF-8 Unicode text executable",
      "programming_language": "Python",
      "is_binary": false,
      "is_text": true,
      "is_archive": false,
      "is_media": false,
      "is_source": true,
      "is_script": true,
      "licenses": [
        {
          "key": "mit",
          "score": 100.0,
          "name": "MIT License",
          "short_name": "MIT License",
          "category": "Permissive",
          "is_exception": false,
          "is_unknown": false,
          "owner": "MIT",
          "homepage_url": "http://opensource.org/licenses/mit-license.php",
          "text_url": "http://opensource.org/licenses/mit-license.php",
          "reference_url": "https://scancode-licensedb.aboutcode.org/mit",
          "scancode_text_url": "https://github.com/nexB/scancode-toolkit/tree/develop/src/licensedcode/data/licenses/mit.LICENSE",
          "scancode_data_url": "https://github.com/nexB/scancode-toolkit/tree/develop/src/licensedcode/data/licenses/mit.yml",
          "spdx_license_key": "MIT",
          "spdx_url": "https://spdx.org/licenses/MIT",
          "start_line": 61,
          "end_line": 61,
          "matched_rule": {
            "identifier": "pypi_mit_license.RULE",
            "license_expression": "mit",
            "licenses": [
              "mit"
            ],
            "referenced_filenames": [],
            "is_license_text": false,
            "is_license_notice": false,
            "is_license_reference": false,
            "is_license_tag": true,
            "is_license_intro": false,
            "has_unknown": false,
            "matcher": "2-aho",
            "rule_length": 5,
            "matched_length": 5,
            "match_coverage": 100.0,
            "rule_relevance": 100
          }
        },
        {
          "key": "mit",
          "score": 100.0,
          "name": "MIT License",
          "short_name": "MIT License",
          "category": "Permissive",
          "is_exception": false,
          "is_unknown": false,
          "owner": "MIT",
          "homepage_url": "http://opensource.org/licenses/mit-license.php",
          "text_url": "http://opensource.org/licenses/mit-license.php",
          "reference_url": "https://scancode-licensedb.aboutcode.org/mit",
          "scancode_text_url": "https://github.com/nexB/scancode-toolkit/tree/develop/src/licensedcode/data/licenses/mit.LICENSE",
          "scancode_data_url": "https://github.com/nexB/scancode-toolkit/tree/develop/src/licensedcode/data/licenses/mit.yml",
          "spdx_license_key": "MIT",
          "spdx_url": "https://spdx.org/licenses/MIT",
          "start_line": 70,
          "end_line": 70,
          "matched_rule": {
            "identifier": "mit_30.RULE",
            "license_expression": "mit",
            "licenses": [
              "mit"
            ],
            "referenced_filenames": [],
            "is_license_text": false,
            "is_license_notice": false,
            "is_license_reference": false,
            "is_license_tag": true,
            "is_license_intro": false,
            "has_unknown": false,
            "matcher": "2-aho",
            "rule_length": 2,
            "matched_length": 2,
            "match_coverage": 100.0,
            "rule_relevance": 100
          }
        }
      ],
      "license_expressions": [
        "mit",
        "mit"
      ],
      "percentage_of_license_text": 2.92,
      "copyrights": [],
      "holders": [],
      "authors": [
        {
          "author": "slay', twitter' http://twitter.com/slaypni",
          "start_line": 56,
          "end_line": 57
        }
      ],
      "is_legal": false,
      "is_manifest": true,
      "is_readme": false,
      "is_top_level": true,
      "is_key_file": true,
      "files_count": 0,
      "dirs_count": 0,
      "size_count": 0,
      "scan_errors": []
    },
    {
      "path": "xml2data-0.1.0/xml2data",
      "type": "directory",
      "name": "xml2data",
      "base_name": "xml2data",
      "extension": "",
      "size": 0,
      "sha1": null,
      "md5": null,
      "sha256": null,
      "mime_type": null,
      "file_type": null,
      "programming_language": null,
      "is_binary": false,
      "is_text": false,
      "is_archive": false,
      "is_media": false,
      "is_source": false,
      "is_script": false,
      "licenses": [],
      "license_expressions": [],
      "percentage_of_license_text": 0,
      "copyrights": [],
      "holders": [],
      "authors": [],
      "is_legal": false,
      "is_manifest": false,
      "is_readme": false,
      "is_top_level": true,
      "is_key_file": false,
      "files_count": 2,
      "dirs_count": 0,
      "size_count": 7304,
      "scan_errors": []
    },
    {
      "path": "xml2data-0.1.0/xml2data.egg-info",
      "type": "directory",
      "name": "xml2data.egg-info",
      "base_name": "xml2data.egg-info",
      "extension": "",
      "size": 0,
      "sha1": null,
      "md5": null,
      "sha256": null,
      "mime_type": null,
      "file_type": null,
      "programming_language": null,
      "is_binary": false,
      "is_text": false,
      "is_archive": false,
      "is_media": false,
      "is_source": false,
      "is_script": false,
      "licenses": [],
      "license_expressions": [],
      "percentage_of_license_text": 0,
      "copyrights": [],
      "holders": [],
      "authors": [],
      "is_legal": false,
      "is_manifest": false,
      "is_readme": false,
      "is_top_level": true,
      "is_key_file": false,
      "files_count": 8,
      "dirs_count": 0,
      "size_count": 9003,
      "scan_errors": []
    },
    {
      "path": "xml2data-0.1.0/xml2data.egg-info/.DS_Store",
      "type": "file",
      "name": ".DS_Store",
      "base_name": ".DS_Store",
      "extension": "",
      "size": 6148,
      "sha1": "a24d3ea71acbdffb6dfd050775f3ba84a21d59ca",
      "md5": "0b146acee2e91e3c5acd5f4db1ccde43",
      "sha256": "7493fad27939f0cc042c3194539d02074037a76c502da64be6af0fa528634293",
      "mime_type": "application/octet-stream",
      "file_type": "Apple Desktop Services Store",
      "programming_language": null,
      "is_binary": true,
      "is_text": false,
      "is_archive": false,
      "is_media": false,
      "is_source": false,
      "is_script": false,
      "licenses": [],
      "license_expressions": [],
      "percentage_of_license_text": 0,
      "copyrights": [],
      "holders": [],
      "authors": [],
      "is_legal": false,
      "is_manifest": false,
      "is_readme": false,
      "is_top_level": false,
      "is_key_file": false,
      "files_count": 0,
      "dirs_count": 0,
      "size_count": 0,
      "scan_errors": []
    },
    {
      "path": "xml2data-0.1.0/xml2data.egg-info/PKG-INFO",
      "type": "file",
      "name": "PKG-INFO",
      "base_name": "PKG-INFO",
      "extension": "",
      "size": 2473,
      "sha1": "33383004d8e2755ef790f78ba251f2249bf66b31",
      "md5": "f2a84ac3d01f8355ee37ff6d78c7f7c0",
      "sha256": "f49e93af6bc5b5e3edd8c17d3804a47114798c35e2d9180d4b648714b869ae80",
      "mime_type": "text/plain",
      "file_type": "UTF-8 Unicode text",
      "programming_language": null,
      "is_binary": false,
      "is_text": true,
      "is_archive": false,
      "is_media": false,
      "is_source": false,
      "is_script": false,
      "licenses": [
        {
          "key": "mit",
          "score": 100.0,
          "name": "MIT License",
          "short_name": "MIT License",
          "category": "Permissive",
          "is_exception": false,
          "is_unknown": false,
          "owner": "MIT",
          "homepage_url": "http://opensource.org/licenses/mit-license.php",
          "text_url": "http://opensource.org/licenses/mit-license.php",
          "reference_url": "https://scancode-licensedb.aboutcode.org/mit",
          "scancode_text_url": "https://github.com/nexB/scancode-toolkit/tree/develop/src/licensedcode/data/licenses/mit.LICENSE",
          "scancode_data_url": "https://github.com/nexB/scancode-toolkit/tree/develop/src/licensedcode/data/licenses/mit.yml",
          "spdx_license_key": "MIT",
          "spdx_url": "https://spdx.org/licenses/MIT",
          "start_line": 8,
          "end_line": 8,
          "matched_rule": {
            "identifier": "mit_30.RULE",
            "license_expression": "mit",
            "licenses": [
              "mit"
            ],
            "referenced_filenames": [],
            "is_license_text": false,
            "is_license_notice": false,
            "is_license_reference": false,
            "is_license_tag": true,
            "is_license_intro": false,
            "has_unknown": false,
            "matcher": "2-aho",
            "rule_length": 2,
            "matched_length": 2,
            "match_coverage": 100.0,
            "rule_relevance": 100
          }
        },
        {
          "key": "mit",
          "score": 100.0,
          "name": "MIT License",
          "short_name": "MIT License",
          "category": "Permissive",
          "is_exception": false,
          "is_unknown": false,
          "owner": "MIT",
          "homepage_url": "http://opensource.org/licenses/mit-license.php",
          "text_url": "http://opensource.org/licenses/mit-license.php",
          "reference_url": "https://scancode-licensedb.aboutcode.org/mit",
          "scancode_text_url": "https://github.com/nexB/scancode-toolkit/tree/develop/src/licensedcode/data/licenses/mit.LICENSE",
          "scancode_data_url": "https://github.com/nexB/scancode-toolkit/tree/develop/src/licensedcode/data/licenses/mit.yml",
          "spdx_license_key": "MIT",
          "spdx_url": "https://spdx.org/licenses/MIT",
          "start_line": 59,
          "end_line": 59,
          "matched_rule": {
            "identifier": "pypi_mit_license.RULE",
            "license_expression": "mit",
            "licenses": [
              "mit"
            ],
            "referenced_filenames": [],
            "is_license_text": false,
            "is_license_notice": false,
            "is_license_reference": false,
            "is_license_tag": true,
            "is_license_intro": false,
            "has_unknown": false,
            "matcher": "2-aho",
            "rule_length": 5,
            "matched_length": 5,
            "match_coverage": 100.0,
            "rule_relevance": 100
          }
        }
      ],
      "license_expressions": [
        "mit",
        "mit"
      ],
      "percentage_of_license_text": 3.54,
      "copyrights": [],
      "holders": [],
      "authors": [
        {
          "author": "slaypni Author-email UNKNOWN",
          "start_line": 6,
          "end_line": 7
        },
        {
          "author": "slay', twitter' http://twitter.com/slaypni",
          "start_line": 53,
          "end_line": 54
        }
      ],
      "is_legal": false,
      "is_manifest": false,
      "is_readme": false,
      "is_top_level": false,
      "is_key_file": false,
      "files_count": 0,
      "dirs_count": 0,
      "size_count": 0,
      "scan_errors": []
    },
    {
      "path": "xml2data-0.1.0/xml2data.egg-info/SOURCES.txt",
      "type": "file",
      "name": "SOURCES.txt",
      "base_name": "SOURCES",
      "extension": ".txt",
      "size": 303,
      "sha1": "5701201e63528111544ab9cfd05f137ee0486b04",
      "md5": "ad626ab68bb3796d8b67817c53b9c0af",
      "sha256": "b36a0f666f4de37bebaa0a7a1fd7bc34c3ced543853b94648c57ed0d02a801a0",
      "mime_type": "text/plain",
      "file_type": "ASCII text",
      "programming_language": null,
      "is_binary": false,
      "is_text": true,
      "is_archive": false,
      "is_media": false,
      "is_source": false,
      "is_script": false,
      "licenses": [],
      "license_expressions": [],
      "percentage_of_license_text": 0,
      "copyrights": [],
      "holders": [],
      "authors": [],
      "is_legal": false,
      "is_manifest": false,
      "is_readme": false,
      "is_top_level": false,
      "is_key_file": false,
      "files_count": 0,
      "dirs_count": 0,
      "size_count": 0,
      "scan_errors": []
    },
    {
      "path": "xml2data-0.1.0/xml2data.egg-info/dependency_links.txt",
      "type": "file",
      "name": "dependency_links.txt",
      "base_name": "dependency_links",
      "extension": ".txt",
      "size": 1,
      "sha1": "adc83b19e793491b1c6ea0fd8b46cd9f32e592fc",
      "md5": "68b329da9893e34099c7d8ad5cb9c940",
      "sha256": "01ba4719c80b6fe911b091a7c05124b64eeece964e09c058ef8f9805daca546b",
      "mime_type": "application/octet-stream",
      "file_type": "very short file (no magic)",
      "programming_language": null,
      "is_binary": false,
      "is_text": true,
      "is_archive": false,
      "is_media": false,
      "is_source": false,
      "is_script": false,
      "licenses": [],
      "license_expressions": [],
      "percentage_of_license_text": 0,
      "copyrights": [],
      "holders": [],
      "authors": [],
      "is_legal": false,
      "is_manifest": false,
      "is_readme": false,
      "is_top_level": false,
      "is_key_file": false,
      "files_count": 0,
      "dirs_count": 0,
      "size_count": 0,
      "scan_errors": []
    },
    {
      "path": "xml2data-0.1.0/xml2data.egg-info/entry_points.txt",
      "type": "file",
      "name": "entry_points.txt",
      "base_name": "entry_points",
      "extension": ".txt",
      "size": 37,
      "sha1": "058c4ad316f9e5ee48d338bb735ef63b020a39da",
      "md5": "1d14414e007751b9e2901b967e2b7c9e",
      "sha256": "1632af82f1b2232aa8902c62188542bda1a6916717c045d9f16eb39359adbd94",
      "mime_type": "text/plain",
      "file_type": "ASCII text",
      "programming_language": null,
      "is_binary": false,
      "is_text": true,
      "is_archive": false,
      "is_media": false,
      "is_source": false,
      "is_script": false,
      "licenses": [],
      "license_expressions": [],
      "percentage_of_license_text": 0,
      "copyrights": [],
      "holders": [],
      "authors": [],
      "is_legal": false,
      "is_manifest": false,
      "is_readme": false,
      "is_top_level": false,
      "is_key_file": false,
      "files_count": 0,
      "dirs_count": 0,
      "size_count": 0,
      "scan_errors": []
    },
    {
      "path": "xml2data-0.1.0/xml2data.egg-info/not-zip-safe",
      "type": "file",
      "name": "not-zip-safe",
      "base_name": "not-zip-safe",
      "extension": "",
      "size": 1,
      "sha1": "adc83b19e793491b1c6ea0fd8b46cd9f32e592fc",
      "md5": "68b329da9893e34099c7d8ad5cb9c940",
      "sha256": "01ba4719c80b6fe911b091a7c05124b64eeece964e09c058ef8f9805daca546b",
      "mime_type": "application/octet-stream",
      "file_type": "very short file (no magic)",
      "programming_language": null,
      "is_binary": false,
      "is_text": true,
      "is_archive": false,
      "is_media": false,
      "is_source": false,
      "is_script": false,
      "licenses": [],
      "license_expressions": [],
      "percentage_of_license_text": 0,
      "copyrights": [],
      "holders": [],
      "authors": [],
      "is_legal": false,
      "is_manifest": false,
      "is_readme": false,
      "is_top_level": false,
      "is_key_file": false,
      "files_count": 0,
      "dirs_count": 0,
      "size_count": 0,
      "scan_errors": []
    },
    {
      "path": "xml2data-0.1.0/xml2data.egg-info/requires.txt",
      "type": "file",
      "name": "requires.txt",
      "base_name": "requires",
      "extension": ".txt",
      "size": 31,
      "sha1": "f047ae4cac67f4d7903583643837b165d7aedc8c",
      "md5": "907c60b93fda533da7dfb175343a538a",
      "sha256": "d9292144fc7388756ca2a86b91a434d71a59e58d605b98ef6160514f9604e4b4",
      "mime_type": "text/plain",
      "file_type": "ASCII text",
      "programming_language": null,
      "is_binary": false,
      "is_text": true,
      "is_archive": false,
      "is_media": false,
      "is_source": false,
      "is_script": false,
      "licenses": [],
      "license_expressions": [],
      "percentage_of_license_text": 0,
      "copyrights": [],
      "holders": [],
      "authors": [],
      "is_legal": false,
      "is_manifest": false,
      "is_readme": false,
      "is_top_level": false,
      "is_key_file": false,
      "files_count": 0,
      "dirs_count": 0,
      "size_count": 0,
      "scan_errors": []
    },
    {
      "path": "xml2data-0.1.0/xml2data.egg-info/top_level.txt",
      "type": "file",
      "name": "top_level.txt",
      "base_name": "top_level",
      "extension": ".txt",
      "size": 9,
      "sha1": "ea829686868d53e2f945a101f857f4312a461ae8",
      "md5": "cfa76cbf6df9172701611e1e9c8043f0",
      "sha256": "7f09430bd4d8b1c782795c72bc89350985c1c587267453f2a3c77f06fdb19734",
      "mime_type": "text/plain",
      "file_type": "ASCII text",
      "programming_language": null,
      "is_binary": false,
      "is_text": true,
      "is_archive": false,
      "is_media": false,
      "is_source": false,
      "is_script": false,
      "licenses": [],
      "license_expressions": [],
      "percentage_of_license_text": 0,
      "copyrights": [],
      "holders": [],
      "authors": [],
      "is_legal": false,
      "is_manifest": false,
      "is_readme": false,
      "is_top_level": false,
      "is_key_file": false,
      "files_count": 0,
      "dirs_count": 0,
      "size_count": 0,
      "scan_errors": []
    },
    {
      "path": "xml2data-0.1.0/xml2data/__init__.py",
      "type": "file",
      "name": "__init__.py",
      "base_name": "__init__",
      "extension": ".py",
      "size": 162,
      "sha1": "52848799a491baf0cdac69f962d7955c84eae107",
      "md5": "5a250b2441f0a5b5e89508235c32cc46",
      "sha256": "4a523a08592a21784af0e7893d2f6d461b83782a75ee5990192a3f725fe6d0f7",
      "mime_type": "text/x-script.python",
      "file_type": "Python script, ASCII text executable",
      "programming_language": "Python",
      "is_binary": false,
      "is_text": true,
      "is_archive": false,
      "is_media": false,
      "is_source": true,
      "is_script": true,
      "licenses": [],
      "license_expressions": [],
      "percentage_of_license_text": 0,
      "copyrights": [],
      "holders": [],
      "authors": [],
      "is_legal": false,
      "is_manifest": false,
      "is_readme": false,
      "is_top_level": false,
      "is_key_file": false,
      "files_count": 0,
      "dirs_count": 0,
      "size_count": 0,
      "scan_errors": []
    },
    {
      "path": "xml2data-0.1.0/xml2data/xml2data.py",
      "type": "file",
      "name": "xml2data.py",
      "base_name": "xml2data",
      "extension": ".py",
      "size": 7142,
      "sha1": "c21c1eabd35ba714a0177190694eaf79e3ab1a09",
      "md5": "77dc97b113ae496816c24d7f3a231e7a",
      "sha256": "61607bfbbb7e900683582682b03bf593be4fa501eb50e42ee41d9a9fcf10f9e5",
      "mime_type": "text/x-script.python",
      "file_type": "Python script, ASCII text executable",
      "programming_language": "Python",
      "is_binary": false,
      "is_text": true,
      "is_archive": false,
      "is_media": false,
      "is_source": true,
      "is_script": true,
      "licenses": [],
      "license_expressions": [],
      "percentage_of_license_text": 0,
      "copyrights": [],
      "holders": [],
      "authors": [],
      "is_legal": false,
      "is_manifest": false,
      "is_readme": false,
      "is_top_level": false,
      "is_key_file": false,
      "files_count": 0,
      "dirs_count": 0,
      "size_count": 0,
      "scan_errors": []
    }
  ]
}