-
- gpl-1.0-plus AND gpl-2.0-plus AND other-copyleft AND unknown
- Copyright (c) 2006 Michael Vogt <mvo@debian.org>
